2 2
22  2  
2  13  

2 2
2  3  
2  11  

2 2
48  88  
30  149  
