2 4
1  3  5  7  
2  4  6  8  

4 3
1  8  9  
2  7  10  
3  6  11  
4  5  12  

2 3
50  94  178  
60  120  220  

4 3
1  8  9  
2  7  10  
3  6  11  
4  5  12  

2 4
1  3  5  7  
2  4  6  8  

ERROR: Trying to perform multiplication on incompatible matrices
